php : PHP Warning:  Module 
"intl" is already loaded in 
Unknown on line 0
At line:1 char:1
+ php 
test_list_property.php > 
test_output.txt 2>&1
+ ~~~~~~~~~~~~~~~~~~~~~~~~~~
~~~~~~~~~~~~~~~~~~~~~~~
    + CategoryInfo          
    : NotSpecified: (PHP W  
  arning:  M...known on l   
 ine 0:String) [], Remot    
eException
    + FullyQualifiedErrorId 
    : NativeCommandError
 

Warning: Module "intl" is already loaded in Unknown on line 0
Sending to list_your_property.php...
Response: {"status":"success","leadconnector":200,"bitrix":200,"debug_entityTypeId":1054,"bitrix_response":{"result":{"item":{"id":8,"xmlId":"","title":"List Your Property: Mostafa Osama","createdBy":16,"updatedBy":16,"movedBy":16,"createdTime":"2026-03-30T16:19:22+03:00","updatedTime":"2026-03-30T16:19:22+03:00","movedTime":"2026-03-30T16:19:22+03:00","categoryId":32,"opened":"N","stageId":"DT1054_32:NEW","previousStageId":"","begindate":"2026-03-30T03:00:00+03:00","closedate":"2026-04-06T03:00:00+03:00","companyId":0,"contactId":0,"opportunity":20,"isManualOpportunity":"N","taxValue":0,"currencyId":"AED","mycompanyId":2,"sourceId":"CALLBACK","sourceDescription":"Preferred Contact Method: test\nDescription: test","webformId":0,"ufCrm14_1774873950":"+201129274930","ufCrm14_1774873966":"mostafaweb27@gmail.com","ufCrm14_1774873980":"buy","ufCrm14_1774873991":"dubai","ufCrm14_1774874002":"20|AED","ufCrm14_1774874017":"test","ufCrm14_1774874087":"test","ufCrm14_1774874123":{"id":7538,"url":"https:\/\/zamprime.bitrix24.com\/bitrix\/services\/main\/ajax.php?action=crm.controller.item.getFile&SITE_ID=s1&entityTypeId=1054&id=8&fieldName=UF_CRM_14_1774874123&fileId=7538","urlMachine":"https:\/\/zamprime.bitrix24.com\/rest\/16\/bfumzpzx61oc5s6o\/crm.controller.item.getFile\/?token=crm%7CYWN0aW9uPWNybS5jb250cm9sbGVyLml0ZW0uZ2V0RmlsZSZTSVRFX0lEPXMxJmVudGl0eVR5cGVJZD0xMDU0JmlkPTgmZmllbGROYW1lPVVGX0NSTV8xNF8xNzc0ODc0MTIzJmZpbGVJZD03NTM4Jl89U1JJRlNtaHUzVWZCM1owQ0xUTUMyZ1dCaHE5czZwRXE%3D%7CImNybS5jb250cm9sbGVyLml0ZW0uZ2V0ZmlsZXxjcm18WVdOMGFXOXVQV055YlM1amIyNTBjbTlzYkdWeUxtbDBaVzB1WjJWMFJtbHNaU1pUU1ZSRlgwbEVQWE14Sm1WdWRHbDBlVlI1Y0dWSlpEMHhNRFUwSm1sa1BUZ21abWxsYkdST1lXMWxQVlZHWDBOU1RWOHhORjh4TnpjME9EYzBNVEl6Sm1acGJHVkpaRDAzTlRNNEpsODlVMUpKUmxOdGFIVXpWV1pDTTFvd1EweFVUVU15WjFkQ2FIRTVjelp3UlhFPXwxNnxiZnVtenB6eDYxb2M1czZvIg%3D%3D.ADQKtQ1LLOyWaTnI%2B0h5tkr2b2y5E8lLMCDbk6c4mh4%3D"},"assignedById":28,"isRecurring":"N","lastActivityBy":16,"lastActivityTime":"2026-03-30T16:19:22+03:00","lastCommunicationTime":null,"lastCommunicationCallTime":null,"lastCommunicationEmailTime":null,"lastCommunicationImolTime":null,"lastCommunicationWebformTime":null,"utmSource":null,"utmMedium":null,"utmCampaign":null,"utmContent":null,"utmTerm":null,"observers":[],"contactIds":[],"entityTypeId":1054}},"time":{"start":1774876761,"finish":1774876762.361076,"duration":1.3610761165618896,"processing":1,"date_start":"2026-03-30T16:19:21+03:00","date_finish":"2026-03-30T16:19:22+03:00","operating_reset_at":1774877361,"operating":1.3369500637054443}}}
